
  .   ____          _            __ _ _
 /\\ / ___'_ __ _ _(_)_ __  __ _ \ \ \ \
( ( )\___ | '_ | '_| | '_ \/ _` | \ \ \ \
 \\/  ___)| |_)| | | | | || (_| |  ) ) ) )
  '  |____| .__|_| |_|_| |_\__, | / / / /
 =========|_|==============|___/=/_/_/_/

 :: Spring Boot ::                (v4.1.0)

2026-08-04T11:12:43.365Z  INFO 13264 --- [portfolio] [           main] c.e.portfolio.PortfolioApplication       : Starting PortfolioApplication v0.0.1-SNAPSHOT using Java 25.0.3 with PID 13264 (C:\Users\Administrator\Downloads\107-NaNOfYourBusiness-PortfolioManagementSystem\target\portfolio-0.0.1-SNAPSHOT.jar started by Administrator in C:\Users\Administrator\Downloads\107-NaNOfYourBusiness-PortfolioManagementSystem)
2026-08-04T11:12:43.380Z  INFO 13264 --- [portfolio] [           main] c.e.portfolio.PortfolioApplication       : The following 1 profile is active: "dev"
2026-08-04T11:12:47.357Z  INFO 13264 --- [portfolio] [           main] o.s.boot.tomcat.TomcatWebServer          : Tomcat initialized with port 8080 (http)
2026-08-04T11:12:47.386Z  INFO 13264 --- [portfolio] [           main] o.apache.catalina.core.StandardService   : Starting service [Tomcat]
2026-08-04T11:12:47.389Z  INFO 13264 --- [portfolio] [           main] o.apache.catalina.core.StandardEngine    : Starting Servlet engine: [Apache Tomcat/11.0.22]
2026-08-04T11:12:47.476Z  INFO 13264 --- [portfolio] [           main] b.w.c.s.WebApplicationContextInitializer : Root WebApplicationContext: initialization completed in 3910 ms
2026-08-04T11:12:48.455Z  INFO 13264 --- [portfolio] [           main] com.zaxxer.hikari.HikariDataSource       : HikariPool-1 - Starting...
2026-08-04T11:12:48.854Z  INFO 13264 --- [portfolio] [           main] com.zaxxer.hikari.pool.HikariPool        : HikariPool-1 - Added connection conn0: url=jdbc:h2:mem:portfolio_db user=SA
2026-08-04T11:12:48.859Z  INFO 13264 --- [portfolio] [           main] com.zaxxer.hikari.HikariDataSource       : HikariPool-1 - Start completed.
2026-08-04T11:12:49.261Z  INFO 13264 --- [portfolio] [           main] o.s.b.w.a.WelcomePageHandlerMapping      : Adding welcome page: class path resource [static/index.html]
2026-08-04T11:12:49.976Z  INFO 13264 --- [portfolio] [           main] o.s.boot.tomcat.TomcatWebServer          : Tomcat started on port 8080 (http) with context path '/'
2026-08-04T11:12:50.005Z  INFO 13264 --- [portfolio] [           main] c.e.portfolio.PortfolioApplication       : Started PortfolioApplication in 7.611 seconds (process running for 10.161)
2026-08-04T11:13:40.904Z  INFO 13264 --- [portfolio] [nio-8080-exec-1] o.a.c.c.C.[Tomcat].[localhost].[/]       : Initializing Spring DispatcherServlet 'dispatcherServlet'
2026-08-04T11:13:40.907Z  INFO 13264 --- [portfolio] [nio-8080-exec-1] o.s.web.servlet.DispatcherServlet        : Initializing Servlet 'dispatcherServlet'
2026-08-04T11:13:40.912Z  INFO 13264 --- [portfolio] [nio-8080-exec-1] o.s.web.servlet.DispatcherServlet        : Completed initialization in 2 ms
